# BepInEx\LogOutput.log - last 458 line(s) of a 0.0 MB file, last written 2026-10-03T16:16:50. 
[Error  :   BepInEx] Unable to start Unity log writer
[Message:   BepInEx] BepInEx 5.4.23.2 - Sea Power (24/02/2026 10:31:59 PM)
[Info   :   BepInEx] Running under Unity v6000.0.67.7905730
[Info   :   BepInEx] CLR runtime version: 4.0.30319.42000
[Info   :   BepInEx] Supports SRE: True
[Info   :   BepInEx] System platform: Bits64, Windows
[Message:   BepInEx] Preloader started
[Info   :   BepInEx] Loaded 1 patcher method from [BepInEx.Preloader 5.4.23.2]
[Info   :   BepInEx] 1 patcher plugin loaded
[Info   :   BepInEx] Patching [UnityEngine.CoreModule] with [BepInEx.Chainloader]
[Message:   BepInEx] Preloader finished
[Message:   BepInEx] Chainloader ready
[Message:   BepInEx] Chainloader started
[Info   :   BepInEx] 1 plugin to load
[Info   :   BepInEx] Loading [AnchorChain Preloader 1.0.0]
[Info   :AnchorChain Preloader] AnchorChain Preloader started!
[Info   :AnchorChain Preloader] Loaded assembly AnchorChain, Version=1.1.0.0, Culture=neutral, PublicKeyToken=null
[Info   :AnchorChain] Loaded assembly AnchorChain, Version=1.1.0.0, Culture=neutral, PublicKeyToken=null
[Info   :AnchorChain] Loaded assembly CustomAudioLoader, Version=0.0.0.0, Culture=neutral, PublicKeyToken=null
[Info   :AnchorChain] Loaded assembly EnhancedDecoyMod, Version=0.5.2.0, Culture=neutral, PublicKeyToken=null
[Info   :AnchorChain] Loaded assembly EnhancedUIMod, Version=0.1.1.0, Culture=neutral, PublicKeyToken=null
[Info   :AnchorChain] Loaded assembly Euromod-Welldeck, Version=1.0.2.0, Culture=neutral, PublicKeyToken=null
[Info   :AnchorChain] Loaded assembly HighAltitudeSkyFix, Version=1.2.0.0, Culture=neutral, PublicKeyToken=null
[Info   :AnchorChain] Loaded assembly MissileControlMod, Version=0.1.15.0, Culture=neutral, PublicKeyToken=null
[Info   :AnchorChain] Loaded assembly MissileControlSurfaces, Version=1.1.2.0, Culture=neutral, PublicKeyToken=null
[Info   :AnchorChain] Loaded assembly MultiStageMissiles, Version=1.7.4.0, Culture=neutral, PublicKeyToken=null
[Info   :AnchorChain] Loaded assembly OptimalTargetDist, Version=1.0.1.0, Culture=neutral, PublicKeyToken=null
[Info   :AnchorChain] Loaded assembly ProfileImage1024, Version=1.0.0.0, Culture=neutral, PublicKeyToken=null
[Info   :AnchorChain] Loaded assembly SATCOM, Version=1.0.0.0, Culture=neutral, PublicKeyToken=null
[Info   :AnchorChain] Loaded assembly SubModelStabilization, Version=1.1.2.0, Culture=neutral, PublicKeyToken=null
[Info   :AnchorChain] Loaded assembly V22Tiltrotor, Version=1.0.0.0, Culture=neutral, PublicKeyToken=null
[Info   :AnchorChain] Loaded assembly WeaponLauncherEffects, Version=1.0.17.0, Culture=neutral, PublicKeyToken=null
[Info   :AnchorChain] Loaded assembly SecondThrustMod, Version=1.0.0.0, Culture=neutral, PublicKeyToken=null
[Info   :AnchorChain] Loaded assembly SubAmmunitionMod, Version=1.0.0.0, Culture=neutral, PublicKeyToken=null
[Info   :AnchorChain] Loaded assembly SubAmmunitionMod, Version=1.0.0.0, Culture=neutral, PublicKeyToken=null
[Warning:AnchorChain] Attempted to load a duplicate plugin: Sub Ammunition (io.github.yourname.sub-ammunition)
[Info   :AnchorChain] Loaded assembly LoadoutManager, Version=1.0.0.0, Culture=neutral, PublicKeyToken=null
[Info   :AnchorChain] Loaded assembly BetterTacMap, Version=1.0.0.0, Culture=neutral, PublicKeyToken=null
[Info   :AnchorChain] Loaded assembly CoordinatedStrikeTool, Version=1.3.1.0, Culture=neutral, PublicKeyToken=null
[Info   :AnchorChain] Loaded assembly AutomaticSAR, Version=1.0.0.0, Culture=neutral, PublicKeyToken=null
[Info   :AnchorChain] Loaded assembly IdentifyExpanded, Version=1.0.0.0, Culture=neutral, PublicKeyToken=null
[Info   :AnchorChain] Loaded assembly ACC.CV16.SkiJumpFix, Version=1.0.0.0, Culture=neutral, PublicKeyToken=null
[Info   :AnchorChain] Loaded assembly Z20RotorVisualSync, Version=0.0.0.0, Culture=neutral, PublicKeyToken=null
[Info   :AnchorChain] Loaded assembly AlpineSeaPower, Version=0.2.1.0, Culture=neutral, PublicKeyToken=null
[Info   :AnchorChain] Loaded assembly FuryVoice.Harmony, Version=1.4.0.0, Culture=neutral, PublicKeyToken=null
[Info   :AnchorChain] Loaded assembly J16Systems, Version=0.0.0.0, Culture=neutral, PublicKeyToken=null
[Info   :AnchorChain] Loaded assembly J36AfterburnerNozzle, Version=0.0.0.0, Culture=neutral, PublicKeyToken=null
[Info   :AnchorChain] Loaded assembly OspreyDeckOps, Version=0.0.0.0, Culture=neutral, PublicKeyToken=null
[Info   :AnchorChain] Loaded assembly OspreyMechanics, Version=0.0.0.0, Culture=neutral, PublicKeyToken=null
[Info   :AnchorChain] Loaded assembly Z21GunMoveFire, Version=0.0.0.0, Culture=neutral, PublicKeyToken=null
[Warning:  HarmonyX] AccessTools.Field: Could not find field for type SeaPower.WeaponSystem and name _containerBaseObject
[Info   :AnchorChain] Loaded assembly AlpineSeaPower, Version=0.2.1.0, Culture=neutral, PublicKeyToken=null
[Warning:AnchorChain] Attempted to load a duplicate plugin: Sea Power scoped runtime fixes (alpine.seapower.runtime)
[Info   :AnchorChain] Loaded plugin Sonar Audio Loader (io.github.euromod.sonar-audio-loader)
[Info   :AnchorChain] Loaded plugin EnhancedDecoyMod (io.github.euromod.enhanceddecoymod)
[Info   :AnchorChain] Loaded plugin EnhancedUIMod (local.seapower.enhanceduimod)
[Info   :Euromod Well Deck] Euromod Well Deck 1.0.2 loaded through AnchorChain.
[Info   :Euromod Well Deck] Well Deck: patched ObjectBaseViewModel.GetContextMenuItems().
[Info   :Euromod Well Deck] Well Deck: MENU ONLY -- no keyboard controls.
[Info   :AnchorChain] Loaded plugin Euromod Well Deck (euromod.welldeck)
[Warning:  HarmonyX] AccessTools.Method: Could not find method for type SeaPower.DynamicSky and name UpdateSky and parameters 
[Info   :AnchorChain] Loaded plugin High Altitude Sky Fix (io.github.euromod.high-altitude-sky-fix)
[Info   :AnchorChain] Loaded plugin MissileControlMod (io.github.euromod.missilecontrol)
[Info   :AnchorChain] Loaded plugin Missile Control Surfaces (io.github.euromod.missile-control-surfaces)
[Info   :AnchorChain] Loaded plugin Multi-Stage Missiles, Glow and Submunitions (io.github.euromod.multistagemissiles)
[Info   :AnchorChain] Loaded plugin Optimal Target Distance (io.github.euromod.optimal-target-distance)
[Info   :AnchorChain] Loaded plugin Profile Image 1024 (io.github.euromod.profile-image-1024)
[Info   :AnchorChain] Loaded plugin SATCOM Mid-Course Correction (io.github.euromod.satcom)
[Info   :AnchorChain] Loaded plugin Vessel SubModel Stabilization (io.github.euromod.submodel-stabilization)
[Info   :Euromod V-22 Tiltrotor + Pivot BFWS] V-22 time compatibility: using SeaPower.GameTime.deltaTime for BFWS/nacelle animation timing.
[Info   :Euromod V-22 Tiltrotor + Pivot BFWS] Euromod V-22 Tiltrotor + Pivot BFWS 2.8.13 loaded. Aircraft name detection: v-22 (case-insensitive). Navigation lights resolved by INI submodel keys; night-only rotor lights. 2 rotor-index pivots + 6 pitch pivots + 6 hinge pivots; MirrorObjX=False, PreventStartupRefold=True, HoldStaticBladesOffAfterShutdown=True. TimeSource=SeaPower.GameTime.deltaTime. CFG=C:\Program Files (x86)\Steam\steamapps\common\Sea Power\BepInEx\config\euromod.v22tiltrotor.cfg
[Info   :AnchorChain] Loaded plugin Euromod V-22 Tiltrotor + Pivot BFWS (euromod.v22tiltrotor)
[Info   :WeaponLauncherEffects] [WeaponLauncherEffects] Loaded; mapped launcher effects are active.
[Info   :AnchorChain] Loaded plugin Weapon Launcher Effects (io.github.euromod.weaponlaunchereffects)
[Info   :SecondThrust] Debug logging OFF (create C:\Program Files (x86)\Steam\steamapps\workshop\content\1286220\3789188689\debug.ini with 'Enabled=1' to enable)
[Info   :AnchorChain] Loaded plugin Second Thrust (io.github.yourname.second-thrust)
[Info   :SubAmmunition] Debug logging OFF (create C:\Program Files (x86)\Steam\steamapps\workshop\content\1286220\3789188689\debug.ini with 'Enabled=1' to enable)
[Info   :SubAmmunition] SubAmmunitionPatches applied
[Info   :SubAmmunition] PatchAll + Apply done
[Info   :SubAmmunition] Driver GameObject created
[Info   :AnchorChain] Loaded plugin Sub Ammunition (io.github.yourname.sub-ammunition)
[Warning:  HarmonyX] AccessTools.Method: name is null
[Warning:  HarmonyX] AccessTools.Method: name is null
[Warning:  HarmonyX] AccessTools.Method: name is null
[Warning:  HarmonyX] AccessTools.Method: name is null
[Warning:  HarmonyX] AccessTools.Method: name is null
[Warning:  HarmonyX] AccessTools.Method: name is null
[Warning:  HarmonyX] AccessTools.Method: name is null
[Warning:  HarmonyX] AccessTools.Method: name is null
[Warning:  HarmonyX] AccessTools.Method: name is null
[Warning:  HarmonyX] AccessTools.Method: name is null
[Warning:  HarmonyX] AccessTools.Method: name is null
[Warning:  HarmonyX] AccessTools.Method: name is null
[Warning:  HarmonyX] AccessTools.Method: name is null
[Warning:  HarmonyX] AccessTools.Method: name is null
[Warning:  HarmonyX] AccessTools.Method: name is null
[Warning:  HarmonyX] AccessTools.Method: name is null
[Warning:  HarmonyX] AccessTools.Method: name is null
[Warning:  HarmonyX] AccessTools.Method: name is null
[Warning:  HarmonyX] AccessTools.Method: name is null
[Warning:  HarmonyX] AccessTools.Method: name is null
[Warning:  HarmonyX] AccessTools.Method: name is null
[Warning:  HarmonyX] AccessTools.Method: name is null
[Warning:  HarmonyX] AccessTools.Method: name is null
[Warning:  HarmonyX] AccessTools.Method: name is null
[Warning:  HarmonyX] AccessTools.Method: name is null
[Warning:  HarmonyX] AccessTools.Method: name is null
[Warning:  HarmonyX] AccessTools.Method: name is null
[Warning:  HarmonyX] AccessTools.Method: name is null
[Warning:  HarmonyX] AccessTools.Method: name is null
[Warning:  HarmonyX] AccessTools.Method: name is null
[Warning:  HarmonyX] AccessTools.Method: name is null
[Warning:  HarmonyX] AccessTools.Method: name is null
[Warning:  HarmonyX] AccessTools.Method: name is null
[Warning:  HarmonyX] AccessTools.Method: name is null
[Warning:  HarmonyX] AccessTools.Method: name is null
[Warning:  HarmonyX] AccessTools.Method: name is null
[Warning:  HarmonyX] AccessTools.Method: name is null
[Warning:  HarmonyX] AccessTools.Method: name is null
[Warning:  HarmonyX] AccessTools.Method: name is null
[Warning:  HarmonyX] AccessTools.Method: name is null
[Warning:  HarmonyX] AccessTools.Method: name is null
[Warning:  HarmonyX] AccessTools.Method: name is null
[Warning:  HarmonyX] AccessTools.Method: name is null
[Warning:  HarmonyX] AccessTools.Method: name is null
[Warning:  HarmonyX] AccessTools.Method: name is null
[Warning:  HarmonyX] AccessTools.Method: name is null
[Warning:  HarmonyX] AccessTools.Method: name is null
[Warning:  HarmonyX] AccessTools.Method: name is null
[Warning:  HarmonyX] AccessTools.Method: name is null
[Warning:  HarmonyX] AccessTools.Method: name is null
[Warning:  HarmonyX] AccessTools.Method: name is null
[Warning:  HarmonyX] AccessTools.Method: name is null
[Warning:  HarmonyX] AccessTools.Method: name is null
[Warning:  HarmonyX] AccessTools.Method: name is null
[Warning:  HarmonyX] AccessTools.Method: name is null
[Warning:  HarmonyX] AccessTools.Method: name is null
[Warning:  HarmonyX] AccessTools.Method: name is null
[Warning:  HarmonyX] AccessTools.Method: name is null
[Warning:  HarmonyX] AccessTools.Method: name is null
[Warning:  HarmonyX] AccessTools.Method: name is null
[Warning:  HarmonyX] AccessTools.Method: name is null
[Warning:  HarmonyX] AccessTools.Method: name is null
[Warning:  HarmonyX] AccessTools.Method: name is null
[Warning:  HarmonyX] AccessTools.Method: name is null
[Warning:  HarmonyX] AccessTools.Method: name is null
[Warning:  HarmonyX] AccessTools.Method: name is null
[Warning:  HarmonyX] AccessTools.Method: name is null
[Warning:  HarmonyX] AccessTools.Method: name is null
[Warning:  HarmonyX] AccessTools.Method: name is null
[Warning:  HarmonyX] AccessTools.Method: name is null
[Warning:  HarmonyX] AccessTools.Method: name is null
[Warning:  HarmonyX] AccessTools.Method: name is null
[Warning:  HarmonyX] AccessTools.Method: name is null
[Warning:  HarmonyX] AccessTools.Method: name is null
[Warning:  HarmonyX] AccessTools.Method: name is null
[Warning:  HarmonyX] AccessTools.Method: name is null
[Warning:  HarmonyX] AccessTools.Method: name is null
[Warning:  HarmonyX] AccessTools.Method: name is null
[Warning:  HarmonyX] AccessTools.Method: name is null
[Warning:  HarmonyX] AccessTools.Method: name is null
[Warning:  HarmonyX] AccessTools.Method: name is null
[Warning:  HarmonyX] AccessTools.Method: name is null
[Warning:  HarmonyX] AccessTools.Method: name is null
[Warning:  HarmonyX] AccessTools.Method: name is null
[Warning:  HarmonyX] AccessTools.Method: name is null
[Warning:  HarmonyX] AccessTools.Method: name is null
[Warning:  HarmonyX] AccessTools.Method: name is null
[Warning:  HarmonyX] AccessTools.Method: name is null
[Warning:  HarmonyX] AccessTools.Method: name is null
[Warning:  HarmonyX] AccessTools.Method: name is null
[Warning:  HarmonyX] AccessTools.Method: name is null
[Warning:  HarmonyX] AccessTools.Method: name is null
[Warning:  HarmonyX] AccessTools.Method: name is null
[Warning:  HarmonyX] AccessTools.Method: name is null
[Warning:  HarmonyX] AccessTools.Method: name is null
[Warning:  HarmonyX] AccessTools.Method: name is null
[Warning:  HarmonyX] AccessTools.Method: name is null
[Warning:  HarmonyX] AccessTools.Method: name is null
[Warning:  HarmonyX] AccessTools.Method: name is null
[Warning:  HarmonyX] AccessTools.Method: name is null
[Warning:  HarmonyX] AccessTools.Method: name is null
[Warning:  HarmonyX] AccessTools.Method: name is null
[Warning:  HarmonyX] AccessTools.Method: name is null
[Warning:  HarmonyX] AccessTools.Method: name is null
[Warning:  HarmonyX] AccessTools.Method: name is null
[Warning:  HarmonyX] AccessTools.Method: name is null
[Warning:  HarmonyX] AccessTools.Method: name is null
[Warning:  HarmonyX] AccessTools.Method: name is null
[Warning:  HarmonyX] AccessTools.Method: name is null
[Warning:  HarmonyX] AccessTools.Method: name is null
[Warning:  HarmonyX] AccessTools.Method: name is null
[Warning:  HarmonyX] AccessTools.Method: name is null
[Warning:  HarmonyX] AccessTools.Method: name is null
[Warning:  HarmonyX] AccessTools.Method: name is null
[Warning:  HarmonyX] AccessTools.Method: name is null
[Warning:  HarmonyX] AccessTools.Method: name is null
[Warning:  HarmonyX] AccessTools.Method: name is null
[Warning:  HarmonyX] AccessTools.Method: name is null
[Warning:  HarmonyX] AccessTools.Method: name is null
[Warning:  HarmonyX] AccessTools.Method: name is null
[Warning:  HarmonyX] AccessTools.Method: name is null
[Warning:  HarmonyX] AccessTools.Method: name is null
[Warning:  HarmonyX] AccessTools.Method: name is null
[Warning:  HarmonyX] AccessTools.Method: name is null
[Warning:  HarmonyX] AccessTools.Method: name is null
[Warning:  HarmonyX] AccessTools.Method: name is null
[Warning:  HarmonyX] AccessTools.Method: name is null
[Warning:  HarmonyX] AccessTools.Method: name is null
[Warning:  HarmonyX] AccessTools.Method: name is null
[Warning:  HarmonyX] AccessTools.Method: name is null
[Warning:  HarmonyX] AccessTools.Method: name is null
[Warning:  HarmonyX] AccessTools.Method: name is null
[Warning:  HarmonyX] AccessTools.Method: name is null
[Warning:  HarmonyX] AccessTools.Method: name is null
[Warning:  HarmonyX] AccessTools.Method: name is null
[Warning:  HarmonyX] AccessTools.Method: name is null
[Warning:  HarmonyX] AccessTools.Method: name is null
[Warning:  HarmonyX] AccessTools.Method: name is null
[Warning:  HarmonyX] AccessTools.Method: name is null
[Warning:  HarmonyX] AccessTools.Method: name is null
[Warning:  HarmonyX] AccessTools.Method: name is null
[Warning:  HarmonyX] AccessTools.Method: name is null
[Warning:  HarmonyX] AccessTools.Method: name is null
[Warning:  HarmonyX] AccessTools.Method: name is null
[Warning:  HarmonyX] AccessTools.Method: name is null
[Warning:  HarmonyX] AccessTools.Method: name is null
[Warning:  HarmonyX] AccessTools.Method: name is null
[Warning:  HarmonyX] AccessTools.Method: name is null
[Warning:  HarmonyX] AccessTools.Method: name is null
[Warning:  HarmonyX] AccessTools.Method: name is null
[Warning:  HarmonyX] AccessTools.Method: name is null
[Warning:  HarmonyX] AccessTools.Method: name is null
[Warning:  HarmonyX] AccessTools.Method: name is null
[Warning:  HarmonyX] AccessTools.Method: name is null
[Warning:  HarmonyX] AccessTools.Method: name is null
[Warning:  HarmonyX] AccessTools.Method: name is null
[Warning:  HarmonyX] AccessTools.Method: name is null
[Warning:  HarmonyX] AccessTools.Method: name is null
[Warning:  HarmonyX] AccessTools.Method: name is null
[Warning:  HarmonyX] AccessTools.Method: name is null
[Warning:  HarmonyX] AccessTools.Method: name is null
[Warning:  HarmonyX] AccessTools.Method: name is null
[Warning:  HarmonyX] AccessTools.Method: name is null
[Warning:  HarmonyX] AccessTools.Method: name is null
[Warning:  HarmonyX] AccessTools.Method: name is null
[Warning:  HarmonyX] AccessTools.Method: name is null
[Warning:  HarmonyX] AccessTools.Method: name is null
[Warning:  HarmonyX] AccessTools.Method: name is null
[Warning:  HarmonyX] AccessTools.Method: name is null
[Warning:  HarmonyX] AccessTools.Method: name is null
[Warning:  HarmonyX] AccessTools.Method: name is null
[Warning:  HarmonyX] AccessTools.Method: name is null
[Warning:  HarmonyX] AccessTools.Method: name is null
[Warning:  HarmonyX] AccessTools.Method: name is null
[Warning:  HarmonyX] AccessTools.Method: name is null
[Warning:  HarmonyX] AccessTools.Method: name is null
[Warning:  HarmonyX] AccessTools.Method: name is null
[Warning:  HarmonyX] AccessTools.Method: name is null
[Warning:  HarmonyX] AccessTools.Method: name is null
[Warning:  HarmonyX] AccessTools.Method: name is null
[Warning:  HarmonyX] AccessTools.Method: name is null
[Warning:  HarmonyX] AccessTools.Method: name is null
[Warning:  HarmonyX] AccessTools.Method: name is null
[Warning:  HarmonyX] AccessTools.Method: name is null
[Warning:  HarmonyX] AccessTools.Method: name is null
[Warning:  HarmonyX] AccessTools.Method: name is null
[Warning:  HarmonyX] AccessTools.Method: name is null
[Warning:  HarmonyX] AccessTools.Method: name is null
[Warning:  HarmonyX] AccessTools.Method: name is null
[Warning:  HarmonyX] AccessTools.Method: name is null
[Warning:  HarmonyX] AccessTools.Method: name is null
[Warning:  HarmonyX] AccessTools.Method: name is null
[Warning:  HarmonyX] AccessTools.Method: name is null
[Warning:  HarmonyX] AccessTools.Method: name is null
[Warning:  HarmonyX] AccessTools.Method: name is null
[Warning:  HarmonyX] AccessTools.Method: name is null
[Warning:  HarmonyX] AccessTools.Method: name is null
[Warning:  HarmonyX] AccessTools.Method: name is null
[Warning:  HarmonyX] AccessTools.Method: name is null
[Warning:  HarmonyX] AccessTools.Method: name is null
[Warning:  HarmonyX] AccessTools.Method: name is null
[Warning:  HarmonyX] AccessTools.Method: name is null
[Warning:  HarmonyX] AccessTools.Method: name is null
[Warning:  HarmonyX] AccessTools.Method: name is null
[Warning:  HarmonyX] AccessTools.Method: name is null
[Warning:  HarmonyX] AccessTools.Method: name is null
[Warning:  HarmonyX] AccessTools.Method: name is null
[Warning:  HarmonyX] AccessTools.Method: name is null
[Warning:  HarmonyX] AccessTools.Method: name is null
[Warning:  HarmonyX] AccessTools.Method: name is null
[Warning:  HarmonyX] AccessTools.Method: name is null
[Warning:  HarmonyX] AccessTools.Method: name is null
[Warning:  HarmonyX] AccessTools.Method: name is null
[Warning:  HarmonyX] AccessTools.Method: name is null
[Warning:  HarmonyX] AccessTools.Method: name is null
[Warning:  HarmonyX] AccessTools.Method: name is null
[Warning:  HarmonyX] AccessTools.Method: name is null
[Warning:  HarmonyX] AccessTools.Method: name is null
[Warning:  HarmonyX] AccessTools.Method: name is null
[Warning:  HarmonyX] AccessTools.Method: name is null
[Warning:  HarmonyX] AccessTools.Method: name is null
[Warning:  HarmonyX] AccessTools.Method: name is null
[Warning:  HarmonyX] AccessTools.Method: name is null
[Warning:  HarmonyX] AccessTools.Method: name is null
[Warning:  HarmonyX] AccessTools.Method: name is null
[Warning:  HarmonyX] AccessTools.Method: name is null
[Warning:  HarmonyX] AccessTools.Method: name is null
[Warning:  HarmonyX] AccessTools.Method: name is null
[Warning:  HarmonyX] AccessTools.Method: name is null
[Warning:  HarmonyX] AccessTools.Method: name is null
[Warning:  HarmonyX] AccessTools.Method: name is null
[Warning:  HarmonyX] AccessTools.Method: name is null
[Warning:  HarmonyX] AccessTools.Method: name is null
[Warning:  HarmonyX] AccessTools.Method: name is null
[Warning:  HarmonyX] AccessTools.Method: name is null
[Warning:  HarmonyX] AccessTools.Method: name is null
[Warning:  HarmonyX] AccessTools.Method: name is null
[Warning:  HarmonyX] AccessTools.Method: name is null
[Warning:  HarmonyX] AccessTools.Method: name is null
[Warning:  HarmonyX] AccessTools.Method: name is null
[Warning:  HarmonyX] AccessTools.Method: name is null
[Warning:  HarmonyX] AccessTools.Method: name is null
[Warning:  HarmonyX] AccessTools.Method: name is null
[Warning:  HarmonyX] AccessTools.Method: name is null
[Warning:  HarmonyX] AccessTools.Method: name is null
[Warning:  HarmonyX] AccessTools.Method: name is null
[Warning:  HarmonyX] AccessTools.Method: name is null
[Warning:  HarmonyX] AccessTools.Method: name is null
[Warning:  HarmonyX] AccessTools.Method: name is null
[Warning:  HarmonyX] AccessTools.Method: name is null
[Warning:  HarmonyX] AccessTools.Method: name is null
[Warning:  HarmonyX] AccessTools.Method: name is null
[Warning:  HarmonyX] AccessTools.Method: name is null
[Warning:  HarmonyX] AccessTools.Method: name is null
[Warning:  HarmonyX] AccessTools.Method: name is null
[Warning:  HarmonyX] AccessTools.Method: name is null
[Warning:  HarmonyX] AccessTools.Method: Could not find method for type SeaPower.WeaponBase and name activateGuidingSystem and parameters 
[Warning:  HarmonyX] AccessTools.Method: Could not find method for type SeaPower.WeaponBase and name ActivateRadarGuidanceSystem and parameters 
[Info   :AnchorChain] Loaded plugin CustomLoadoutManager (l963.seapower.loadoutmanager)
[Info   :AnchorChain] Loaded plugin BetterTacMap (toemel.bettertacmap)
[Info   :Coordinated Strike Tool] Coordinated Strike Tool 1.3.1 loaded. Press the panel hotkey (default F8) in a mission to open the planner.
[Info   :AnchorChain] Loaded plugin Coordinated Strike Tool (coordinatedstriketool)
[Info   :AnchorChain] Loaded plugin Automatic SAR (local.automatic-sar)
[Info   :AnchorChain] Loaded plugin IdentifyExpanded (com.fmsv.identifyexpanded)
[Warning:  HarmonyX] meltemi.acc.cv16.skijumpfix: You should only patch implemented methods/constructors to avoid issues. Patch the declared method void SeaPower.FlightDeckPoint::Release(SeaPower.ObjectBase occupyingObject) instead of void SeaPower.FlightDeckPoint::Release(SeaPower.ObjectBase occupyingObject).
[Warning:  HarmonyX] AccessTools.Field: Could not find field for type SeaPower.PendingLaunchTask and name _vehicleType
[Info   :AnchorChain] Loaded plugin ACC CV16 Ski-Jump Fix (meltemi.acc.cv16.skijumpfix)
[Info   :AnchorChain] Loaded plugin Z-20 Rotor Visual Sync (meltemi.seapower.z20.rotor-visual-sync)
[Info   :AnchorChain] Loaded plugin Sea Power scoped runtime fixes (alpine.seapower.runtime)
[Info   :AnchorChain] Loaded plugin Fury voice routing (alpine.seapower.furyvoice)
[Info   :AnchorChain] Loaded plugin Fury Friendly Loss Voice (fury.voice.friendlyloss)
[Info   :J-16 Systems] features from J16Systems.ini: lights=True afterburner=True chute=True
[Info   :J-16 Systems] J-16 Systems 1.1.0 patched (afterburner + landing/formation/navigation lights + brake parachute).
[Info   :AnchorChain] Loaded plugin J-16 Systems (meltemi.seapower.j16.systems)
[Warning:  HarmonyX] AccessTools.Field: Could not find field for type SeaPower.FixedWingFlightPhysics and name _aircraftParameters
[Warning:  HarmonyX] AccessTools.Field: Could not find field for type SeaPower.FixedWingFlightPhysics and name _aircraftParameters
[Info   :AnchorChain] Loaded plugin J-36 Systems (meltemi.seapower.j36.afterburner-nozzle)
[Info   :OspreyMechanics] Compatible game clock: missionElapsedTime (double)
[Info   :OspreyMechanics] V-22 rig 1.1.30 ready; 20-ft minimum, 10-kt rescue and hover, terminal hover handoff and deck audio gates active.
[Info   :AnchorChain] Loaded plugin MV-22 Source Mechanics (local.mv22.source.mechanics)
[Info   :AnchorChain] Loaded plugin Z-21 Gun and EOTS Synchronization (meltemi.seapower.z21.gun-move-fire)
[Info   :AnchorChain] Loaded plugin MV-22 Deck Operations (local.mv22.deckops)
[Info   :AnchorChain] Loaded AnchorChain V1.1.0!
[Message:   BepInEx] Chainloader startup complete
[Warning:  HarmonyX] AccessTools.Field: Could not find field for type SeaPower.ObjectBase and name _nation
[Info   :WeaponLauncherEffects] [WeaponLauncherEffects] [eu_mk41_quad] anchor ready: ContainerBase='eu_8-cell_mk41_base_quad_v4' (vessel ContainerBase, world (-1005.9230, 0.0895, 179.7236)), container='AmmunitionParent' (world (-1005.9280, 0.0395, 179.7314)), shipRoot='1-ran_ddg_hobart'.
[Info   :WeaponLauncherEffects] [WeaponLauncherEffects] [eu_mk41] anchor ready: ContainerBase='eu_8-cell_mk41_base_v4' (vessel ContainerBase, world (-1005.9690, 0.0895, 179.7236)), container='AmmunitionParent' (world (-1005.9640, 0.0395, 179.7158)), shipRoot='1-ran_ddg_hobart'.
[Info   :WeaponLauncherEffects] [WeaponLauncherEffects] [eu_mk41] anchor ready: ContainerBase='eu_8-cell_mk41_base_v4' (vessel ContainerBase, world (-1005.9230, 0.0895, 179.6941)), container='AmmunitionParent' (world (-1005.9280, 0.0395, 179.7019)), shipRoot='1-ran_ddg_hobart'.
[Info   :WeaponLauncherEffects] [WeaponLauncherEffects] [eu_mk41] anchor ready: ContainerBase='eu_8-cell_mk41_base_v4' (vessel ContainerBase, world (-1005.9690, 0.0895, 179.6941)), container='AmmunitionParent' (world (-1005.9640, 0.0395, 179.6862)), shipRoot='1-ran_ddg_hobart'.
[Info   :WeaponLauncherEffects] [WeaponLauncherEffects] [eu_mk41] anchor ready: ContainerBase='eu_8-cell_mk41_base_v4' (vessel ContainerBase, world (-1005.9230, 0.0895, 179.6645)), container='AmmunitionParent' (world (-1005.9280, 0.0395, 179.6723)), shipRoot='1-ran_ddg_hobart'.
[Info   :WeaponLauncherEffects] [WeaponLauncherEffects] [eu_mk41] anchor ready: ContainerBase='eu_8-cell_mk41_base_v4' (vessel ContainerBase, world (-1005.9690, 0.0895, 179.6645)), container='AmmunitionParent' (world (-1005.9640, 0.0395, 179.6567)), shipRoot='1-ran_ddg_hobart'.
[Warning:  HarmonyX] AccessTools.Property: Could not find property for type SeaPower.GameTime and name time
[Warning:  HarmonyX] AccessTools.Property: Could not find property for type SeaPower.GameTime and name time
[Info   :Coordinated Strike Tool] [t=1015.71s] in mission: True, game menu open: True, HUD visible: False
[Info   :Coordinated Strike Tool] [t=1082.89s] in mission: True, game menu open: False, HUD visible: True
[Info   :Coordinated Strike Tool] [t=1413.38s] in mission: True, game menu open: True, HUD visible: False
[Info   :Coordinated Strike Tool] [t=1459.51s] in mission: True, game menu open: False, HUD visible: True
[Info   :Coordinated Strike Tool] [t=1580.67s] in mission: True, game menu open: True, HUD visible: False
[Info   :Coordinated Strike Tool] [t=1613.88s] in mission: True, game menu open: False, HUD visible: True
[Warning:  HarmonyX] AccessTools.TypeByName: Could not find type named IFFTransponder.IFFUtil
[Info   :Coordinated Strike Tool] [t=1795.35s] in mission: True, game menu open: True, HUD visible: False
[Info   :Coordinated Strike Tool] [t=1849.49s] in mission: True, game menu open: False, HUD visible: True
[Info   :Coordinated Strike Tool] [t=3163.79s] in mission: True, game menu open: True, HUD visible: False
[Info   :Coordinated Strike Tool] [t=3168.58s] in mission: False, game menu open: False, HUD visible: True
[Info   :Coordinated Strike Tool] [t=4127.11s] in mission: True, game menu open: True, HUD visible: False
[Info   :Coordinated Strike Tool] [t=4208.75s] in mission: True, game menu open: False, HUD visible: True
[Warning:  HarmonyX] AccessTools.Field: Could not find field for type SeaPower.Helicopter and name AircraftAnimation
[Warning:  HarmonyX] AccessTools.Property: Could not find property for type SeaPower.Helicopter and name AircraftAnimation
[Warning:  HarmonyX] AccessTools.Field: Could not find field for type SeaPower.Helicopter and name AircraftAnimation
[Warning:  HarmonyX] AccessTools.Property: Could not find property for type SeaPower.Helicopter and name AircraftAnimation
[Warning:  HarmonyX] AccessTools.Field: Could not find field for type SeaPower.Helicopter and name AircraftAnimation
[Warning:  HarmonyX] AccessTools.Property: Could not find property for type SeaPower.Helicopter and name AircraftAnimation
[Warning:  HarmonyX] AccessTools.Field: Could not find field for type SeaPower.Helicopter and name AircraftAnimation
[Warning:  HarmonyX] AccessTools.Property: Could not find property for type SeaPower.Helicopter and name AircraftAnimation
[Warning:  HarmonyX] AccessTools.Field: Could not find field for type SeaPower.Helicopter and name AircraftAnimation
[Warning:  HarmonyX] AccessTools.Property: Could not find property for type SeaPower.Helicopter and name AircraftAnimation
[Warning:  HarmonyX] AccessTools.Field: Could not find field for type SeaPower.Helicopter and name AircraftAnimation
[Warning:  HarmonyX] AccessTools.Property: Could not find property for type SeaPower.Helicopter and name AircraftAnimation
[Warning:  HarmonyX] AccessTools.Field: Could not find field for type SeaPower.Helicopter and name AircraftAnimation
[Warning:  HarmonyX] AccessTools.Property: Could not find property for type SeaPower.Helicopter and name AircraftAnimation
[Warning:  HarmonyX] AccessTools.Field: Could not find field for type SeaPower.Helicopter and name AircraftAnimation
[Warning:  HarmonyX] AccessTools.Property: Could not find property for type SeaPower.Helicopter and name AircraftAnimation
[Warning:  HarmonyX] AccessTools.Field: Could not find field for type SeaPower.Helicopter and name AircraftAnimation
[Warning:  HarmonyX] AccessTools.Property: Could not find property for type SeaPower.Helicopter and name AircraftAnimation
[Info   :Coordinated Strike Tool] [t=5481.74s] in mission: True, game menu open: True, HUD visible: False
[Info   :Coordinated Strike Tool] [t=5494.65s] in mission: False, game menu open: False, HUD visible: True
[Info   :Coordinated Strike Tool] [t=5570.72s] in mission: True, game menu open: True, HUD visible: False
[Info   :Coordinated Strike Tool] [t=5579.52s] in mission: True, game menu open: False, HUD visible: True
[Info   :Coordinated Strike Tool] [t=6115.38s] in mission: True, game menu open: True, HUD visible: False
[Info   :Coordinated Strike Tool] [t=6124.00s] in mission: False, game menu open: False, HUD visible: True
[Info   :WeaponLauncherEffects] [WeaponLauncherEffects] [eu_mk41_quad] anchor ready: ContainerBase='eu_8-cell_mk41_base_quad_v4' (vessel ContainerBase, world (-988.5137, 0.0895, 217.2050)), container='AmmunitionParent' (world (-988.5187, 0.0395, 217.2128)), shipRoot='10-ran_ddg_hobart'.
[Info   :WeaponLauncherEffects] [WeaponLauncherEffects] [eu_mk41] anchor ready: ContainerBase='eu_8-cell_mk41_base_v4' (vessel ContainerBase, world (-988.5597, 0.0895, 217.2050)), container='AmmunitionParent' (world (-988.5547, 0.0395, 217.1972)), shipRoot='10-ran_ddg_hobart'.
[Info   :WeaponLauncherEffects] [WeaponLauncherEffects] [eu_mk41] anchor ready: ContainerBase='eu_8-cell_mk41_base_v4' (vessel ContainerBase, world (-988.5137, 0.0895, 217.1754)), container='AmmunitionParent' (world (-988.5187, 0.0395, 217.1832)), shipRoot='10-ran_ddg_hobart'.
[Info   :WeaponLauncherEffects] [WeaponLauncherEffects] [eu_mk41] anchor ready: ContainerBase='eu_8-cell_mk41_base_v4' (vessel ContainerBase, world (-988.5597, 0.0895, 217.1754)), container='AmmunitionParent' (world (-988.5547, 0.0395, 217.1676)), shipRoot='10-ran_ddg_hobart'.
[Info   :WeaponLauncherEffects] [WeaponLauncherEffects] [eu_mk41] anchor ready: ContainerBase='eu_8-cell_mk41_base_v4' (vessel ContainerBase, world (-988.5137, 0.0895, 217.1458)), container='AmmunitionParent' (world (-988.5187, 0.0395, 217.1536)), shipRoot='10-ran_ddg_hobart'.
[Info   :WeaponLauncherEffects] [WeaponLauncherEffects] [eu_mk41] anchor ready: ContainerBase='eu_8-cell_mk41_base_v4' (vessel ContainerBase, world (-988.5597, 0.0895, 217.1458)), container='AmmunitionParent' (world (-988.5547, 0.0395, 217.1380)), shipRoot='10-ran_ddg_hobart'.
[Info   :Coordinated Strike Tool] [t=6813.76s] in mission: True, game menu open: True, HUD visible: False
[Info   :Coordinated Strike Tool] [t=6821.90s] in mission: True, game menu open: False, HUD visible: True
[Warning:  HarmonyX] AccessTools.Field: Could not find field for type SeaPower.Helicopter and name AircraftAnimation
[Warning:  HarmonyX] AccessTools.Property: Could not find property for type SeaPower.Helicopter and name AircraftAnimation
[Warning:  HarmonyX] AccessTools.Field: Could not find field for type SeaPower.Helicopter and name AircraftAnimation
[Warning:  HarmonyX] AccessTools.Property: Could not find property for type SeaPower.Helicopter and name AircraftAnimation
[Warning:  HarmonyX] AccessTools.Field: Could not find field for type SeaPower.Helicopter and name AircraftAnimation
[Warning:  HarmonyX] AccessTools.Property: Could not find property for type SeaPower.Helicopter and name AircraftAnimation
[Info   :SubAmmunition] DEPLOY bomb pos=(-343.32, -0.02, -317.61) geo=lat=-10.3004 lon=144.1007
[Warning:  HarmonyX] AccessTools.Field: Could not find field for type SeaPower.Helicopter and name AircraftAnimation
[Warning:  HarmonyX] AccessTools.Property: Could not find property for type SeaPower.Helicopter and name AircraftAnimation
[Info   :Coordinated Strike Tool] [t=7987.92s] in mission: True, game menu open: True, HUD visible: False
[Info   :Coordinated Strike Tool] [t=7995.50s] in mission: False, game menu open: False, HUD visible: True
[Info   :WeaponLauncherEffects] [WeaponLauncherEffects] [eu_mk41_quad] anchor ready: ContainerBase='eu_8-cell_mk41_base_quad_v4' (vessel ContainerBase, world (216.9047, 0.0895, -292.6423)), container='AmmunitionParent' (world (216.8997, 0.0395, -292.6346)), shipRoot='4-ran_ddg_hobart'.
[Info   :WeaponLauncherEffects] [WeaponLauncherEffects] [eu_mk41] anchor ready: ContainerBase='eu_8-cell_mk41_base_v4' (vessel ContainerBase, world (216.8587, 0.0895, -292.6423)), container='AmmunitionParent' (world (216.8637, 0.0395, -292.6501)), shipRoot='4-ran_ddg_hobart'.
[Info   :WeaponLauncherEffects] [WeaponLauncherEffects] [eu_mk41] anchor ready: ContainerBase='eu_8-cell_mk41_base_v4' (vessel ContainerBase, world (216.9047, 0.0895, -292.6719)), container='AmmunitionParent' (world (216.8997, 0.0395, -292.6641)), shipRoot='4-ran_ddg_hobart'.
[Info   :WeaponLauncherEffects] [WeaponLauncherEffects] [eu_mk41] anchor ready: ContainerBase='eu_8-cell_mk41_base_v4' (vessel ContainerBase, world (216.8587, 0.0895, -292.6719)), container='AmmunitionParent' (world (216.8637, 0.0395, -292.6797)), shipRoot='4-ran_ddg_hobart'.
[Info   :WeaponLauncherEffects] [WeaponLauncherEffects] [eu_mk41] anchor ready: ContainerBase='eu_8-cell_mk41_base_v4' (vessel ContainerBase, world (216.9047, 0.0895, -292.7015)), container='AmmunitionParent' (world (216.8997, 0.0395, -292.6937)), shipRoot='4-ran_ddg_hobart'.
[Info   :WeaponLauncherEffects] [WeaponLauncherEffects] [eu_mk41] anchor ready: ContainerBase='eu_8-cell_mk41_base_v4' (vessel ContainerBase, world (216.8587, 0.0895, -292.7015)), container='AmmunitionParent' (world (216.8637, 0.0395, -292.7093)), shipRoot='4-ran_ddg_hobart'.
[Info   :Coordinated Strike Tool] [t=8382.96s] in mission: True, game menu open: True, HUD visible: False
[Info   :Coordinated Strike Tool] [t=8397.23s] in mission: True, game menu open: False, HUD visible: True
[Info   :SubAmmunition] DEPLOY bomb pos=(-55.33, -0.03, 371.79) geo=lat=-10.4835 lon=144.6749
[Info   :SubAmmunition] DEPLOY bomb pos=(-26.85, -0.03, 392.03) geo=lat=-10.4713 lon=144.6921
[Info   :SubAmmunition] DEPLOY bomb pos=(-22.37, -0.02, 396.41) geo=lat=-10.4686 lon=144.6948
[Info   :SubAmmunition] DEPLOY bomb pos=(-19.37, -0.02, 401.74) geo=lat=-10.4654 lon=144.6966
[Info   :Coordinated Strike Tool] [t=9044.05s] in mission: True, game menu open: True, HUD visible: False
[Info   :Coordinated Strike Tool] [t=9052.54s] in mission: False, game menu open: False, HUD visible: True
[Info   :WeaponLauncherEffects] [WeaponLauncherEffects] [eu_mk41_quad] anchor ready: ContainerBase='eu_8-cell_mk41_base_quad_v4' (vessel ContainerBase, world (216.9047, 0.0895, -292.6423)), container='AmmunitionParent' (world (216.8997, 0.0395, -292.6346)), shipRoot='4-ran_ddg_hobart'.
[Info   :WeaponLauncherEffects] [WeaponLauncherEffects] [eu_mk41] anchor ready: ContainerBase='eu_8-cell_mk41_base_v4' (vessel ContainerBase, world (216.8587, 0.0895, -292.6423)), container='AmmunitionParent' (world (216.8637, 0.0395, -292.6501)), shipRoot='4-ran_ddg_hobart'.
[Info   :WeaponLauncherEffects] [WeaponLauncherEffects] [eu_mk41] anchor ready: ContainerBase='eu_8-cell_mk41_base_v4' (vessel ContainerBase, world (216.9047, 0.0895, -292.6719)), container='AmmunitionParent' (world (216.8997, 0.0395, -292.6641)), shipRoot='4-ran_ddg_hobart'.
[Info   :WeaponLauncherEffects] [WeaponLauncherEffects] [eu_mk41] anchor ready: ContainerBase='eu_8-cell_mk41_base_v4' (vessel ContainerBase, world (216.8587, 0.0895, -292.6719)), container='AmmunitionParent' (world (216.8637, 0.0395, -292.6797)), shipRoot='4-ran_ddg_hobart'.
[Info   :WeaponLauncherEffects] [WeaponLauncherEffects] [eu_mk41] anchor ready: ContainerBase='eu_8-cell_mk41_base_v4' (vessel ContainerBase, world (216.9047, 0.0895, -292.7015)), container='AmmunitionParent' (world (216.8997, 0.0395, -292.6937)), shipRoot='4-ran_ddg_hobart'.
[Info   :WeaponLauncherEffects] [WeaponLauncherEffects] [eu_mk41] anchor ready: ContainerBase='eu_8-cell_mk41_base_v4' (vessel ContainerBase, world (216.8587, 0.0895, -292.7015)), container='AmmunitionParent' (world (216.8637, 0.0395, -292.7093)), shipRoot='4-ran_ddg_hobart'.
[Info   :Coordinated Strike Tool] [t=9062.15s] in mission: True, game menu open: True, HUD visible: False
[Info   :Coordinated Strike Tool] [t=9188.32s] in mission: True, game menu open: False, HUD visible: True
[Info   :Coordinated Strike Tool] [t=9201.65s] in mission: True, game menu open: True, HUD visible: False
[Info   :Coordinated Strike Tool] [t=9202.78s] in mission: True, game menu open: False, HUD visible: True
[Info   :Coordinated Strike Tool] [t=9203.25s] in mission: True, game menu open: True, HUD visible: False
[Info   :Coordinated Strike Tool] [t=9248.70s] in mission: True, game menu open: False, HUD visible: True
[Info   :Coordinated Strike Tool] [t=9274.24s] in mission: True, game menu open: True, HUD visible: False
[Info   :Coordinated Strike Tool] [t=9280.86s] in mission: False, game menu open: False, HUD visible: True
